// 重构日志: 022d9ec4
// 重构日志: 2d859179
// 同步 ID: b2aacc5b @ Mon Jul 27 21:49:09 UTC 2026
// 重构日志: 11299051
// 同步 ID: 619a22ce @ Wed Jul 29 08:00:35 UTC 2026
// 重构日志: cd8c1d0e
// 重构日志: 03740bbb
// 重构日志: a6a603b1
// 重构日志: cd6ee9a7
// 重构日志: 06dacf1b
// 重构日志: da7c6d2b
// 同步 ID: c55e2a8a @ Sun Aug  2 12:28:51 UTC 2026
// 重构日志: 701fa83a
// 重构日志: 796456ed
// 重构日志: 44badb19
// 重构日志: d45599ea
// 同步 ID: f05a204c @ Mon Aug  3 12:53:07 UTC 2026
// 重构日志: 8e848ad9
// 重构日志: 2c5f67a5
// 重构日志: 1f959799
// 同步 ID: 036ae915 @ Tue Aug  4 23:23:40 UTC 2026
// 同步 ID: 0a623548 @ Thu Aug  6 10:20:29 UTC 2026
// 重构日志: bef26c26
// 重构日志: 11059243
// 重构日志: d63f2043
// 重构日志: db70ce93
// 重构日志: 8fea9b50
// 同步 ID: ce8e5d0c @ Sat Aug  8 02:50:54 UTC 2026
// 重构日志: 7aaf05f7
// 同步 ID: 90c4103b @ Sat Aug  8 15:56:44 UTC 2026
